// Jest Snapshot v1, https://goo.gl/fbAQLP

exports[`CheckboxField renders correctly 1`] = `
<input
  className="CheckboxField "
  id="example"
  onClick={[Function]}
  type="checkbox"
/>
`;
