// Jest Snapshot v1, https://goo.gl/fbAQLP

exports[`MultiLineField renders correctly 1`] = `
<textarea
  className="MultiLineField  "
  onChange={[Function]}
  value=""
/>
`;
